#-----------------------------------------------------------
# Vivado v2023.2 (64-bit)
# SW Build 4029153 on Fri Oct 13 20:14:34 MDT 2023
# IP Build 4028589 on Sat Oct 14 00:45:43 MDT 2023
# SharedData Build 4025554 on Tue Oct 10 17:18:54 MDT 2023
# Start of session at: Tue Dec 10 10:45:47 2024
# Process ID: 1736
# Current directory: C:/Users/User/Documents/AHB_final_final/AMBA_AHB_bus/AHB
# Command line: vivado.exe -gui_launcher_event rodinguilauncherevent15668 C:\Users\User\Documents\AHB_final_final\AMBA_AHB_bus\AHB\AHB.xpr
# Log file: C:/Users/User/Documents/AHB_final_final/AMBA_AHB_bus/AHB/vivado.log
# Journal file: C:/Users/User/Documents/AHB_final_final/AMBA_AHB_bus/AHB\vivado.jou
# Running On: LAPTOP-CPUREE27, OS: Windows, CPU Frequency: 2688 MHz, CPU Physical cores: 14, Host memory: 16788 MB
#-----------------------------------------------------------
start_gui
open_project C:/Users/User/Documents/AHB_final_final/AMBA_AHB_bus/AHB/AHB.xpr
update_compile_order -fileset sources_1
launch_simulation
source AHB_master_tb.tcl
current_wave_config {Untitled 1}
add_wave {{/AHB_master_tb/AHB_top_module_dut/AHB_slave1_top/AHB_slave1_module_d/memory}} 
relaunch_sim
close_sim
launch_simulation
source AHB_master_tb.tcl
current_wave_config {Untitled 2}
add_wave {{/AHB_master_tb/AHB_top_module_dut/AHB_slave1_top/AHB_slave1_module_d/memory}} 
relaunch_sim
current_wave_config {Untitled 2}
add_wave {{/AHB_master_tb/AHB_top_module_dut/AHB_slave1_top/AHB_slave1_module_d/hwdata}} 
relaunch_sim
current_wave_config {Untitled 2}
add_wave {{/AHB_master_tb/AHB_top_module_dut/AHB_slave1_top/AHB_slave1_module_d/hrdata}} 
relaunch_sim
close_sim
