#-----------------------------------------------------------
# Vivado v2023.2 (64-bit)
# SW Build 4029153 on Fri Oct 13 20:14:34 MDT 2023
# IP Build 4028589 on Sat Oct 14 00:45:43 MDT 2023
# SharedData Build 4025554 on Tue Oct 10 17:18:54 MDT 2023
# Start of session at: Wed Oct 30 10:55:29 2024
# Process ID: 14016
# Current directory: E:/1.Studies/Semester 07/Advanced Digital Systems/Assignment Dr/Vivado project directory/AHB
# Command line: vivado.exe -gui_launcher_event rodinguilauncherevent8312 E:\1.Studies\Semester 07\Advanced Digital Systems\Assignment Dr\Vivado project directory\AHB\AHB.xpr
# Log file: E:/1.Studies/Semester 07/Advanced Digital Systems/Assignment Dr/Vivado project directory/AHB/vivado.log
# Journal file: E:/1.Studies/Semester 07/Advanced Digital Systems/Assignment Dr/Vivado project directory/AHB\vivado.jou
# Running On: AG, OS: Windows, CPU Frequency: 2419 MHz, CPU Physical cores: 4, Host memory: 16901 MB
#-----------------------------------------------------------
start_gui
open_project {E:/1.Studies/Semester 07/Advanced Digital Systems/Assignment Dr/Vivado project directory/AHB/AHB.xpr}
update_compile_order -fileset sources_1
update_compile_order -fileset sources_1
close [ open {E:/1.Studies/Semester 07/Advanced Digital Systems/Assignment Dr/Vivado project directory/AHB/AHB.srcs/sources_1/new/AHB_master3_interface.v} w ]
add_files {{E:/1.Studies/Semester 07/Advanced Digital Systems/Assignment Dr/Vivado project directory/AHB/AHB.srcs/sources_1/new/AHB_master3_interface.v}}
update_compile_order -fileset sources_1
update_compile_order -fileset sources_1
update_compile_order -fileset sources_1
